
> project-final@0.0.0 build
> tsc -b && vite build

src/pages/Booking.tsx(6,21): error TS6133: 'Calendar' is declared but its value is never read.
src/pages/Booking.tsx(6,63): error TS6133: 'MapPin' is declared but its value is never read.
src/pages/Booking.tsx(6,71): error TS6133: 'CheckCircle' is declared but its value is never read.
src/pages/PhotographerDashboard.tsx(6,20): error TS6133: 'CheckCircle' is declared but its value is never read.
src/pages/PhotographerDashboard.tsx(6,33): error TS6133: 'Clock' is declared but its value is never read.
src/pages/PhotographerDashboard.tsx(6,60): error TS6133: 'User' is declared but its value is never read.
src/pages/Photographers.tsx(15,11): error TS6133: 'roles' is declared but its value is never read.
